[INFO] Scanning for projects...
[INFO] 
[INFO] ------------------< com.charusat:canteen-aggregator >-------------------
[INFO] Building CHARUSAT Campus Canteen Aggregator 1.0.0-SNAPSHOT
[INFO]   from pom.xml
[INFO] --------------------------------[ jar ]---------------------------------
[INFO] 
[INFO] --- resources:3.3.1:resources (default-resources) @ canteen-aggregator ---
[INFO] Copying 1 resource from src\main\resources to target\classes
[INFO] Copying 0 resource from src\main\resources to target\classes
[INFO] 
[INFO] --- compiler:3.11.0:compile (default-compile) @ canteen-aggregator ---
[INFO] Changes detected - recompiling the module! :source
[INFO] Compiling 29 source files with javac [debug release 17] to target\classes
[INFO] Annotation processing is enabled because one or more processors were found
  on the class path. A future release of javac may disable annotation processing
  unless at least one processor is specified by name (-processor), or a search
  path is specified (--processor-path, --processor-module-path), or annotation
  processing is enabled explicitly (-proc:only, -proc:full).
  Use -Xlint:-options to suppress this message.
  Use -proc:none to disable annotation processing.
[INFO] -------------------------------------------------------------
[WARNING] COMPILATION WARNING : 
[INFO] -------------------------------------------------------------
[WARNING] /D:/CharusatNeeds_SGP/Backend/src/main/java/com/charusat/canteen/dto/AuthResponse.java:[18,20] @Builder will ignore the initializing expression entirely. If you want the initializing expression to serve as default, add @Builder.Default. If it is not supposed to be settable during building, make the field final.
[INFO] 1 warning
[INFO] -------------------------------------------------------------
[INFO] -------------------------------------------------------------
[ERROR] COMPILATION ERROR : 
[INFO] -------------------------------------------------------------
[ERROR] /D:/CharusatNeeds_SGP/Backend/src/main/java/com/charusat/canteen/config/CustomUserDetailsService.java:[25,35] cannot find symbol
  symbol:   method findByEmailIgnoreCase(java.lang.String)
  location: variable userRepository of type com.charusat.canteen.repository.UserRepository
[ERROR] /D:/CharusatNeeds_SGP/Backend/src/main/java/com/charusat/canteen/config/CustomUserDetailsService.java:[34,21] cannot find symbol
  symbol:   method getLockedUntil()
  location: variable user of type com.charusat.canteen.model.User
[ERROR] /D:/CharusatNeeds_SGP/Backend/src/main/java/com/charusat/canteen/config/CustomUserDetailsService.java:[34,54] cannot find symbol
  symbol:   method getLockedUntil()
  location: variable user of type com.charusat.canteen.model.User
[INFO] 3 errors 
[INFO] -------------------------------------------------------------
[INFO] ------------------------------------------------------------------------
[INFO] BUILD FAILURE
[INFO] ------------------------------------------------------------------------
[INFO] Total time:  7.043 s
[INFO] Finished at: 2026-01-20T23:42:25+05:30
[INFO] ------------------------------------------------------------------------
[ERROR] Failed to execute goal org.apache.maven.plugins:maven-compiler-plugin:3.11.0:compile (default-compile) on project canteen-aggregator: Compilation failure: Compilation failure: 
[ERROR] /D:/CharusatNeeds_SGP/Backend/src/main/java/com/charusat/canteen/config/CustomUserDetailsService.java:[25,35] cannot find symbol
[ERROR]   symbol:   method findByEmailIgnoreCase(java.lang.String)
[ERROR]   location: variable userRepository of type com.charusat.canteen.repository.UserRepository
[ERROR] /D:/CharusatNeeds_SGP/Backend/src/main/java/com/charusat/canteen/config/CustomUserDetailsService.java:[34,21] cannot find symbol
[ERROR]   symbol:   method getLockedUntil()
[ERROR]   location: variable user of type com.charusat.canteen.model.User
[ERROR] /D:/CharusatNeeds_SGP/Backend/src/main/java/com/charusat/canteen/config/CustomUserDetailsService.java:[34,54] cannot find symbol
[ERROR]   symbol:   method getLockedUntil()
[ERROR]   location: variable user of type com.charusat.canteen.model.User
[ERROR] -> [Help 1]
[ERROR] 
[ERROR] To see the full stack trace of the errors, re-run Maven with the -e switch.
[ERROR] Re-run Maven using the -X switch to enable full debug logging.
[ERROR] 
[ERROR] For more information about the errors and possible solutions, please read the following articles:
[ERROR] [Help 1] http://cwiki.apache.org/confluence/display/MAVEN/MojoFailureException
